{
  "$type": "Logical.Ast.Nodes.Abstraction, Logical.Ast",
  "VariableName": "a",
  "Body": {
    "$type": "Logical.Ast.Nodes.Application, Logical.Ast",
    "Function": {
      "$type": "Logical.Ast.Nodes.Variable, Logical.Ast",
      "Name": "b",
      "Annotation": null
    },
    "Argument": {
      "$type": "Logical.Ast.Nodes.Variable, Logical.Ast",
      "Name": "c",
      "Annotation": null
    },
    "Annotation": null
  },
  "Type": null,
  "IsUnbound": false,
  "Annotation": null
}
